------------------------------------------------------------
TimeQuest Timing Analyzer Summary
------------------------------------------------------------

Type  : Slow 1200mV 85C Model Setup 'clk'
Slack : -0.100
TNS   : -0.100

Type  : Slow 1200mV 85C Model Setup 'inst'
Slack : 0.016
TNS   : 0.000

Type  : Slow 1200mV 85C Model Setup 'inst5'
Slack : 0.016
TNS   : 0.000

Type  : Slow 1200mV 85C Model Setup 'inst9'
Slack : 0.016
TNS   : 0.000

Type  : Slow 1200mV 85C Model Setup 'inst11'
Slack : 0.026
TNS   : 0.000

Type  : Slow 1200mV 85C Model Setup 'inst3'
Slack : 0.177
TNS   : 0.000

Type  : Slow 1200mV 85C Model Setup 'inst7'
Slack : 0.177
TNS   : 0.000

Type  : Slow 1200mV 85C Model Setup 'inst13'
Slack : 0.318
TNS   : 0.000

Type  : Slow 1200mV 85C Model Hold 'inst3'
Slack : -0.024
TNS   : -0.024

Type  : Slow 1200mV 85C Model Hold 'inst7'
Slack : -0.024
TNS   : -0.024

Type  : Slow 1200mV 85C Model Hold 'inst11'
Slack : 0.036
TNS   : 0.000

Type  : Slow 1200mV 85C Model Hold 'clk'
Slack : 0.043
TNS   : 0.000

Type  : Slow 1200mV 85C Model Hold 'inst'
Slack : 0.119
TNS   : 0.000

Type  : Slow 1200mV 85C Model Hold 'inst5'
Slack : 0.119
TNS   : 0.000

Type  : Slow 1200mV 85C Model Hold 'inst9'
Slack : 0.119
TNS   : 0.000

Type  : Slow 1200mV 85C Model Hold 'inst13'
Slack : 0.385
TNS   : 0.000

Type  : Slow 1200mV 85C Model Minimum Pulse Width 'clk'
Slack : -3.000
TNS   : -4.000

Type  : Slow 1200mV 85C Model Minimum Pulse Width 'inst'
Slack : -1.000
TNS   : -1.000

Type  : Slow 1200mV 85C Model Minimum Pulse Width 'inst11'
Slack : -1.000
TNS   : -1.000

Type  : Slow 1200mV 85C Model Minimum Pulse Width 'inst13'
Slack : -1.000
TNS   : -1.000

Type  : Slow 1200mV 85C Model Minimum Pulse Width 'inst3'
Slack : -1.000
TNS   : -1.000

Type  : Slow 1200mV 85C Model Minimum Pulse Width 'inst5'
Slack : -1.000
TNS   : -1.000

Type  : Slow 1200mV 85C Model Minimum Pulse Width 'inst7'
Slack : -1.000
TNS   : -1.000

Type  : Slow 1200mV 85C Model Minimum Pulse Width 'inst9'
Slack : -1.000
TNS   : -1.000

Type  : Slow 1200mV 0C Model Setup 'clk'
Slack : 0.048
TNS   : 0.000

Type  : Slow 1200mV 0C Model Setup 'inst'
Slack : 0.076
TNS   : 0.000

Type  : Slow 1200mV 0C Model Setup 'inst5'
Slack : 0.076
TNS   : 0.000

Type  : Slow 1200mV 0C Model Setup 'inst9'
Slack : 0.076
TNS   : 0.000

Type  : Slow 1200mV 0C Model Setup 'inst11'
Slack : 0.098
TNS   : 0.000

Type  : Slow 1200mV 0C Model Setup 'inst3'
Slack : 0.230
TNS   : 0.000

Type  : Slow 1200mV 0C Model Setup 'inst7'
Slack : 0.230
TNS   : 0.000

Type  : Slow 1200mV 0C Model Setup 'inst13'
Slack : 0.398
TNS   : 0.000

Type  : Slow 1200mV 0C Model Hold 'clk'
Slack : -0.053
TNS   : -0.053

Type  : Slow 1200mV 0C Model Hold 'inst3'
Slack : -0.043
TNS   : -0.043

Type  : Slow 1200mV 0C Model Hold 'inst7'
Slack : -0.043
TNS   : -0.043

Type  : Slow 1200mV 0C Model Hold 'inst11'
Slack : 0.006
TNS   : 0.000

Type  : Slow 1200mV 0C Model Hold 'inst'
Slack : 0.102
TNS   : 0.000

Type  : Slow 1200mV 0C Model Hold 'inst5'
Slack : 0.102
TNS   : 0.000

Type  : Slow 1200mV 0C Model Hold 'inst9'
Slack : 0.102
TNS   : 0.000

Type  : Slow 1200mV 0C Model Hold 'inst13'
Slack : 0.341
TNS   : 0.000

Type  : Slow 1200mV 0C Model Minimum Pulse Width 'clk'
Slack : -3.000
TNS   : -4.000

Type  : Slow 1200mV 0C Model Minimum Pulse Width 'inst'
Slack : -1.000
TNS   : -1.000

Type  : Slow 1200mV 0C Model Minimum Pulse Width 'inst11'
Slack : -1.000
TNS   : -1.000

Type  : Slow 1200mV 0C Model Minimum Pulse Width 'inst13'
Slack : -1.000
TNS   : -1.000

Type  : Slow 1200mV 0C Model Minimum Pulse Width 'inst3'
Slack : -1.000
TNS   : -1.000

Type  : Slow 1200mV 0C Model Minimum Pulse Width 'inst5'
Slack : -1.000
TNS   : -1.000

Type  : Slow 1200mV 0C Model Minimum Pulse Width 'inst7'
Slack : -1.000
TNS   : -1.000

Type  : Slow 1200mV 0C Model Minimum Pulse Width 'inst9'
Slack : -1.000
TNS   : -1.000

Type  : Fast 1200mV 0C Model Setup 'clk'
Slack : 0.163
TNS   : 0.000

Type  : Fast 1200mV 0C Model Setup 'inst11'
Slack : 0.236
TNS   : 0.000

Type  : Fast 1200mV 0C Model Setup 'inst'
Slack : 0.245
TNS   : 0.000

Type  : Fast 1200mV 0C Model Setup 'inst5'
Slack : 0.245
TNS   : 0.000

Type  : Fast 1200mV 0C Model Setup 'inst9'
Slack : 0.245
TNS   : 0.000

Type  : Fast 1200mV 0C Model Setup 'inst3'
Slack : 0.325
TNS   : 0.000

Type  : Fast 1200mV 0C Model Setup 'inst7'
Slack : 0.325
TNS   : 0.000

Type  : Fast 1200mV 0C Model Setup 'inst13'
Slack : 0.626
TNS   : 0.000

Type  : Fast 1200mV 0C Model Hold 'inst3'
Slack : -0.017
TNS   : -0.017

Type  : Fast 1200mV 0C Model Hold 'inst7'
Slack : -0.017
TNS   : -0.017

Type  : Fast 1200mV 0C Model Hold 'inst11'
Slack : 0.020
TNS   : 0.000

Type  : Fast 1200mV 0C Model Hold 'clk'
Slack : 0.021
TNS   : 0.000

Type  : Fast 1200mV 0C Model Hold 'inst'
Slack : 0.045
TNS   : 0.000

Type  : Fast 1200mV 0C Model Hold 'inst5'
Slack : 0.045
TNS   : 0.000

Type  : Fast 1200mV 0C Model Hold 'inst9'
Slack : 0.045
TNS   : 0.000

Type  : Fast 1200mV 0C Model Hold 'inst13'
Slack : 0.208
TNS   : 0.000

Type  : Fast 1200mV 0C Model Minimum Pulse Width 'clk'
Slack : -3.000
TNS   : -4.094

Type  : Fast 1200mV 0C Model Minimum Pulse Width 'inst'
Slack : -1.000
TNS   : -1.000

Type  : Fast 1200mV 0C Model Minimum Pulse Width 'inst11'
Slack : -1.000
TNS   : -1.000

Type  : Fast 1200mV 0C Model Minimum Pulse Width 'inst13'
Slack : -1.000
TNS   : -1.000

Type  : Fast 1200mV 0C Model Minimum Pulse Width 'inst3'
Slack : -1.000
TNS   : -1.000

Type  : Fast 1200mV 0C Model Minimum Pulse Width 'inst5'
Slack : -1.000
TNS   : -1.000

Type  : Fast 1200mV 0C Model Minimum Pulse Width 'inst7'
Slack : -1.000
TNS   : -1.000

Type  : Fast 1200mV 0C Model Minimum Pulse Width 'inst9'
Slack : -1.000
TNS   : -1.000

------------------------------------------------------------
